// Jest Snapshot v1, https://goo.gl/fbAQLP

exports[`ErrorMessage component matches snapshot 1`] = `
<div>
  <div
    class="alert alert-danger"
    role="alert"
  >
    Error: 
    Test error
  </div>
</div>
`;
