// Jest Snapshot v1, https://goo.gl/fbAQLP

exports[`Button component matches snapshot 1`] = `
<div>
  <button
    class="btn text-white my-2  bg-primary "
    type="button"
  >
    Click me
  </button>
</div>
`;
