// Jest Snapshot v1, https://goo.gl/fbAQLP

exports[`SearchBar component matches snapshot 1`] = `
<div>
  <div
    class="input-group my-3"
  >
    <span
      class="input-group-text"
    >
      Search
    </span>
    <input
      class="form-control form-control-sm"
      placeholder="Test placeholder"
      type="text"
      value=""
    />
  </div>
</div>
`;
