// Jest Snapshot v1, https://goo.gl/fbAQLP

exports[`Loading component matches snapshot 1`] = `
<div>
  <div
    class="d-flex justify-content-center my-5"
  >
    <div
      class="spinner-border"
      role="status"
    >
      <span
        class="visually-hidden"
      >
        Loading...
      </span>
    </div>
  </div>
</div>
`;
